2025-04-21 18:00:02,611 - INFO - Платформа создана с адресом: Россия,Москва, Пушкина, 1.Ссылка: sdamnamaximum.ru.
2025-04-21 18:00:02,611 - INFO - Создание курсов через фабрику...
2025-04-21 18:00:02,618 - INFO - Установка текущего пользователя: Муллошараф Курбонович как instructor
2025-04-21 18:00:02,618 - INFO - Курс добавлен на платформу: Python 101
2025-04-21 18:00:02,618 - INFO - Курс [Python 101]: добавлен на платформу
2025-04-21 18:00:02,618 - INFO - Уведомление для Иван: Курс добавлен на платформу.
2025-04-21 18:00:02,618 - INFO - Уведомление для Мария: Курс добавлен на платформу.
2025-04-21 18:00:02,618 - INFO - Курс добавлен на платформу: Графический дизайн для начинающих
2025-04-21 18:00:02,618 - INFO - Курс [Графический дизайн для начинающих]: добавлен на платформу
2025-04-21 18:00:02,618 - INFO - Уведомление для Елена: Курс добавлен на платформу.
2025-04-21 18:00:02,618 - INFO - Уведомление для Олег: Курс добавлен на платформу.
2025-04-21 18:00:02,618 - INFO - Курс добавлен на платформу: Физика для начинающих
2025-04-21 18:00:02,618 - INFO - Курс [Физика для начинающих]: добавлен на платформу
2025-04-21 18:00:02,618 - INFO - Уведомление для Никита: Курс добавлен на платформу.
2025-04-21 18:00:02,618 - INFO - Уведомление для Светлана: Курс добавлен на платформу.
2025-04-21 18:00:02,619 - INFO - Уведомление для Антон: Курс добавлен на платформу.
2025-04-21 18:00:02,619 - INFO - Курс [Python 101]: Курс стартовал!
2025-04-21 18:00:02,619 - INFO - Уведомление для Иван: Начинаем изучать материал, время пролетит незаметно :)
2025-04-21 18:00:02,619 - INFO - Уведомление для Мария: Начинаем изучать материал, время пролетит незаметно :)
2025-04-21 18:00:02,619 - INFO - Курс [Графический дизайн для начинающих]: Курс стартовал!
2025-04-21 18:00:02,619 - INFO - Уведомление для Елена: Начинаем изучать материал, время пролетит незаметно :)
2025-04-21 18:00:02,619 - INFO - Уведомление для Олег: Начинаем изучать материал, время пролетит незаметно :)
2025-04-21 18:00:02,619 - INFO - Курс [Физика для начинающих]: Курс стартовал!
2025-04-21 18:00:02,619 - INFO - Уведомление для Никита: Начинаем изучать материал, время пролетит незаметно :)
2025-04-21 18:00:02,619 - INFO - Уведомление для Светлана: Начинаем изучать материал, время пролетит незаметно :)
2025-04-21 18:00:02,619 - INFO - Уведомление для Антон: Начинаем изучать материал, время пролетит незаметно :)
2025-04-21 18:00:02,619 - INFO - Обновление оценки: Иван -> 90
2025-04-21 18:00:02,619 - INFO - Обновление оценки: Мария -> 85
2025-04-21 18:00:02,619 - INFO - Получение списка всех курсов на платформе.
2025-04-21 18:00:02,619 - INFO - Получение топ-2 курсов по числу студентов.
2025-04-21 18:00:02,619 - INFO - Удаление курса с платформы: Графический дизайн для начинающих
2025-04-21 18:00:02,620 - INFO - Создание цепочки обязанностей
2025-04-21 18:00:02,620 - INFO - Обработка запроса на изменение: Изменить структуру модуля ООП для methodology
2025-04-21 18:00:02,620 - INFO - Результат обработки запроса: Методический отдел одобрил: Изменить структуру модуля ООП
2025-04-26 17:41:23,862 - INFO - Платформа создана с адресом: Россия,Москва, Пушкина, 1.Ссылка: sdamnamaximum.ru.
2025-04-26 17:41:23,862 - INFO - Создание курсов через фабрику...
2025-04-26 17:41:23,871 - INFO - Установка текущего пользователя: Муллошараф Курбонович как instructor
2025-04-26 17:41:23,871 - INFO - Курс добавлен на платформу: Python 101
2025-04-26 17:41:23,872 - INFO - Курс [Python 101]: добавлен на платформу
2025-04-26 17:41:23,872 - INFO - Уведомление для Иван: Курс добавлен на платформу.
2025-04-26 17:41:23,872 - INFO - Уведомление для Мария: Курс добавлен на платформу.
2025-04-26 17:41:23,872 - INFO - Курс добавлен на платформу: Графический дизайн для начинающих
2025-04-26 17:41:23,872 - INFO - Курс [Графический дизайн для начинающих]: добавлен на платформу
2025-04-26 17:41:23,872 - INFO - Уведомление для Елена: Курс добавлен на платформу.
2025-04-26 17:41:23,872 - INFO - Уведомление для Олег: Курс добавлен на платформу.
2025-04-26 17:41:23,872 - INFO - Курс добавлен на платформу: Физика для начинающих
2025-04-26 17:41:23,872 - INFO - Курс [Физика для начинающих]: добавлен на платформу
2025-04-26 17:41:23,873 - INFO - Уведомление для Никита: Курс добавлен на платформу.
2025-04-26 17:41:23,873 - INFO - Уведомление для Светлана: Курс добавлен на платформу.
2025-04-26 17:41:23,873 - INFO - Уведомление для Антон: Курс добавлен на платформу.
2025-04-26 17:41:23,873 - INFO - Курс [Python 101]: Курс стартовал!
2025-04-26 17:41:23,873 - INFO - Уведомление для Иван: Начинаем изучать материал, время пролетит незаметно :)
2025-04-26 17:41:23,873 - INFO - Уведомление для Мария: Начинаем изучать материал, время пролетит незаметно :)
2025-04-26 17:41:23,873 - INFO - Курс [Графический дизайн для начинающих]: Курс стартовал!
2025-04-26 17:41:23,873 - INFO - Уведомление для Елена: Начинаем изучать материал, время пролетит незаметно :)
2025-04-26 17:41:23,873 - INFO - Уведомление для Олег: Начинаем изучать материал, время пролетит незаметно :)
2025-04-26 17:41:23,873 - INFO - Курс [Физика для начинающих]: Курс стартовал!
2025-04-26 17:41:23,874 - INFO - Уведомление для Никита: Начинаем изучать материал, время пролетит незаметно :)
2025-04-26 17:41:23,874 - INFO - Уведомление для Светлана: Начинаем изучать материал, время пролетит незаметно :)
2025-04-26 17:41:23,874 - INFO - Уведомление для Антон: Начинаем изучать материал, время пролетит незаметно :)
2025-04-26 17:41:23,874 - INFO - Обновление оценки: Иван -> 90
2025-04-26 17:41:23,874 - INFO - Обновление оценки: Мария -> 85
2025-04-26 17:41:23,874 - INFO - Получение списка всех курсов на платформе.
2025-04-26 17:41:23,874 - INFO - Получение топ-2 курсов по числу студентов.
2025-04-26 17:41:23,874 - INFO - Удаление курса с платформы: Графический дизайн для начинающих
2025-04-26 17:41:23,875 - INFO - Создание цепочки обязанностей
2025-04-26 17:41:23,875 - INFO - Обработка запроса на изменение: Изменить структуру модуля ООП для methodology
2025-04-26 17:41:23,875 - INFO - Результат обработки запроса: Методический отдел одобрил: Изменить структуру модуля ООП
2025-04-26 17:44:23,927 - INFO - Платформа создана с адресом: Россия,Москва, Пушкина, 1.Ссылка: sdamnamaximum.ru.
2025-04-26 17:44:23,927 - INFO - Создание курсов через фабрику...
2025-04-26 17:44:23,933 - INFO - Установка текущего пользователя: Муллошараф Курбонович как instructor
2025-04-26 17:44:23,933 - INFO - Курс добавлен на платформу: Python 101
2025-04-26 17:44:23,933 - INFO - Курс [Python 101]: добавлен на платформу
2025-04-26 17:44:23,933 - INFO - Уведомление для Иван: Курс добавлен на платформу.
2025-04-26 17:44:23,933 - INFO - Уведомление для Мария: Курс добавлен на платформу.
2025-04-26 17:44:23,933 - INFO - Курс добавлен на платформу: Графический дизайн для начинающих
2025-04-26 17:44:23,934 - INFO - Курс [Графический дизайн для начинающих]: добавлен на платформу
2025-04-26 17:44:23,934 - INFO - Уведомление для Елена: Курс добавлен на платформу.
2025-04-26 17:44:23,934 - INFO - Уведомление для Олег: Курс добавлен на платформу.
2025-04-26 17:44:23,934 - INFO - Курс добавлен на платформу: Физика для начинающих
2025-04-26 17:44:23,934 - INFO - Курс [Физика для начинающих]: добавлен на платформу
2025-04-26 17:44:23,934 - INFO - Уведомление для Никита: Курс добавлен на платформу.
2025-04-26 17:44:23,934 - INFO - Уведомление для Светлана: Курс добавлен на платформу.
2025-04-26 17:44:23,934 - INFO - Уведомление для Антон: Курс добавлен на платформу.
2025-04-26 17:44:23,934 - INFO - Курс [Python 101]: Курс стартовал!
2025-04-26 17:44:23,934 - INFO - Уведомление для Иван: Начинаем изучать материал, время пролетит незаметно :)
2025-04-26 17:44:23,934 - INFO - Уведомление для Мария: Начинаем изучать материал, время пролетит незаметно :)
2025-04-26 17:44:23,934 - INFO - Курс [Графический дизайн для начинающих]: Курс стартовал!
2025-04-26 17:44:23,934 - INFO - Уведомление для Елена: Начинаем изучать материал, время пролетит незаметно :)
2025-04-26 17:44:23,934 - INFO - Уведомление для Олег: Начинаем изучать материал, время пролетит незаметно :)
2025-04-26 17:44:23,934 - INFO - Курс [Физика для начинающих]: Курс стартовал!
2025-04-26 17:44:23,934 - INFO - Уведомление для Никита: Начинаем изучать материал, время пролетит незаметно :)
2025-04-26 17:44:23,934 - INFO - Уведомление для Светлана: Начинаем изучать материал, время пролетит незаметно :)
2025-04-26 17:44:23,935 - INFO - Уведомление для Антон: Начинаем изучать материал, время пролетит незаметно :)
2025-04-26 17:44:23,935 - INFO - Обновление оценки: Иван -> 90
2025-04-26 17:44:23,935 - INFO - Обновление оценки: Мария -> 85
2025-04-26 17:44:23,935 - INFO - Получение списка всех курсов на платформе.
2025-04-26 17:44:23,935 - INFO - Получение топ-2 курсов по числу студентов.
2025-04-26 17:44:23,935 - INFO - Удаление курса с платформы: Графический дизайн для начинающих
2025-04-26 17:44:23,935 - INFO - Создание цепочки обязанностей
2025-04-26 17:44:23,935 - INFO - Обработка запроса на изменение: Изменить структуру модуля ООП для methodology
2025-04-26 17:44:23,935 - INFO - Результат обработки запроса: Методический отдел одобрил: Изменить структуру модуля ООП
2025-04-26 17:55:52,912 - INFO - Платформа создана с адресом: Россия,Москва, Пушкина, 1.Ссылка: sdamnamaximum.ru.
2025-04-26 17:55:52,912 - INFO - Создание курсов через фабрику...
2025-04-26 17:55:52,920 - INFO - Установка текущего пользователя: Муллошараф Курбонович как instructor
2025-04-26 17:55:52,920 - INFO - Курс добавлен на платформу: Python 101
2025-04-26 17:55:52,921 - INFO - Курс [Python 101]: добавлен на платформу
2025-04-26 17:55:52,921 - INFO - Уведомление для Иван: Курс добавлен на платформу.
2025-04-26 17:55:52,921 - INFO - Уведомление для Мария: Курс добавлен на платформу.
2025-04-26 17:55:52,921 - INFO - Курс добавлен на платформу: Графический дизайн для начинающих
2025-04-26 17:55:52,921 - INFO - Курс [Графический дизайн для начинающих]: добавлен на платформу
2025-04-26 17:55:52,921 - INFO - Уведомление для Елена: Курс добавлен на платформу.
2025-04-26 17:55:52,921 - INFO - Уведомление для Олег: Курс добавлен на платформу.
2025-04-26 17:55:52,921 - INFO - Курс добавлен на платформу: Физика для начинающих
2025-04-26 17:55:52,921 - INFO - Курс [Физика для начинающих]: добавлен на платформу
2025-04-26 17:55:52,921 - INFO - Уведомление для Никита: Курс добавлен на платформу.
2025-04-26 17:55:52,921 - INFO - Уведомление для Светлана: Курс добавлен на платформу.
2025-04-26 17:55:52,921 - INFO - Уведомление для Антон: Курс добавлен на платформу.
2025-04-26 17:55:52,921 - INFO - Курс [Python 101]: Курс стартовал!
2025-04-26 17:55:52,921 - INFO - Уведомление для Иван: Начинаем изучать материал, время пролетит незаметно :)
2025-04-26 17:55:52,921 - INFO - Уведомление для Мария: Начинаем изучать материал, время пролетит незаметно :)
2025-04-26 17:55:52,922 - INFO - Курс [Графический дизайн для начинающих]: Курс стартовал!
2025-04-26 17:55:52,922 - INFO - Уведомление для Елена: Начинаем изучать материал, время пролетит незаметно :)
2025-04-26 17:55:52,922 - INFO - Уведомление для Олег: Начинаем изучать материал, время пролетит незаметно :)
2025-04-26 17:55:52,922 - INFO - Курс [Физика для начинающих]: Курс стартовал!
2025-04-26 17:55:52,922 - INFO - Уведомление для Никита: Начинаем изучать материал, время пролетит незаметно :)
2025-04-26 17:55:52,922 - INFO - Уведомление для Светлана: Начинаем изучать материал, время пролетит незаметно :)
2025-04-26 17:55:52,922 - INFO - Уведомление для Антон: Начинаем изучать материал, время пролетит незаметно :)
2025-04-26 17:55:52,922 - INFO - Обновление оценки: Иван -> 90
2025-04-26 17:55:52,922 - INFO - Обновление оценки: Мария -> 85
2025-04-26 17:55:52,922 - INFO - Получение списка всех курсов на платформе.
2025-04-26 17:55:52,923 - INFO - Получение топ-2 курсов по числу студентов.
2025-04-26 17:55:52,923 - INFO - Удаление курса с платформы: Графический дизайн для начинающих
2025-04-26 17:55:52,923 - INFO - Создание цепочки обязанностей
2025-04-26 17:55:52,923 - INFO - Обработка запроса на изменение: Изменить структуру модуля ООП для methodology
2025-04-26 17:55:52,923 - INFO - Результат обработки запроса: Методический отдел одобрил: Изменить структуру модуля ООП
2025-04-26 17:58:48,145 - INFO - Платформа создана с адресом: Россия,Москва, Пушкина, 1.Ссылка: sdamnamaximum.ru.
2025-04-26 17:58:48,145 - INFO - Создание курсов через фабрику...
2025-04-26 17:58:48,151 - INFO - Установка текущего пользователя: Муллошараф Курбонович как instructor
2025-04-26 17:58:48,151 - INFO - Курс добавлен на платформу: Python 101
2025-04-26 17:58:48,151 - INFO - Курс [Python 101]: добавлен на платформу
2025-04-26 17:58:48,152 - INFO - Уведомление для Иван: Курс добавлен на платформу.
2025-04-26 17:58:48,152 - INFO - Уведомление для Мария: Курс добавлен на платформу.
2025-04-26 17:58:48,153 - INFO - Курс добавлен на платформу: Графический дизайн для начинающих
2025-04-26 17:58:48,153 - INFO - Курс [Графический дизайн для начинающих]: добавлен на платформу
2025-04-26 17:58:48,153 - INFO - Уведомление для Елена: Курс добавлен на платформу.
2025-04-26 17:58:48,153 - INFO - Уведомление для Олег: Курс добавлен на платформу.
2025-04-26 17:58:48,153 - INFO - Курс добавлен на платформу: Физика для начинающих
2025-04-26 17:58:48,153 - INFO - Курс [Физика для начинающих]: добавлен на платформу
2025-04-26 17:58:48,154 - INFO - Уведомление для Никита: Курс добавлен на платформу.
2025-04-26 17:58:48,154 - INFO - Уведомление для Светлана: Курс добавлен на платформу.
2025-04-26 17:58:48,154 - INFO - Уведомление для Антон: Курс добавлен на платформу.
2025-04-26 17:58:48,154 - INFO - Курс [Python 101]: Курс стартовал!
2025-04-26 17:58:48,155 - INFO - Уведомление для Иван: Начинаем изучать материал, время пролетит незаметно :)
2025-04-26 17:58:48,155 - INFO - Уведомление для Мария: Начинаем изучать материал, время пролетит незаметно :)
2025-04-26 17:58:48,155 - INFO - Курс [Графический дизайн для начинающих]: Курс стартовал!
2025-04-26 17:58:48,155 - INFO - Уведомление для Елена: Начинаем изучать материал, время пролетит незаметно :)
2025-04-26 17:58:48,155 - INFO - Уведомление для Олег: Начинаем изучать материал, время пролетит незаметно :)
2025-04-26 17:58:48,155 - INFO - Курс [Физика для начинающих]: Курс стартовал!
2025-04-26 17:58:48,156 - INFO - Уведомление для Никита: Начинаем изучать материал, время пролетит незаметно :)
2025-04-26 17:58:48,156 - INFO - Уведомление для Светлана: Начинаем изучать материал, время пролетит незаметно :)
2025-04-26 17:58:48,156 - INFO - Уведомление для Антон: Начинаем изучать материал, время пролетит незаметно :)
2025-04-26 17:58:48,156 - INFO - Обновление оценки: Иван -> 90
2025-04-26 17:58:48,156 - INFO - Обновление оценки: Мария -> 85
2025-04-26 17:58:48,156 - INFO - Получение списка всех курсов на платформе.
2025-04-26 17:58:48,156 - INFO - Получение топ-2 курсов по числу студентов.
2025-04-26 17:58:48,157 - INFO - Удаление курса с платформы: Графический дизайн для начинающих
2025-04-26 17:58:48,157 - INFO - Создание цепочки обязанностей
2025-04-26 17:58:48,157 - INFO - Обработка запроса на изменение: Изменить структуру модуля ООП для methodology
2025-04-26 17:58:48,157 - INFO - Результат обработки запроса: Методический отдел одобрил: Изменить структуру модуля ООП
2025-04-26 18:01:07,590 - INFO - Платформа создана с адресом: Россия,Москва, Пушкина, 1.Ссылка: sdamnamaximum.ru.
2025-04-26 18:01:07,590 - INFO - Создание курсов через фабрику...
2025-04-26 18:01:07,595 - INFO - Установка текущего пользователя: Муллошараф Курбонович как instructor
2025-04-26 18:01:07,595 - INFO - Курс добавлен на платформу: Python 101
2025-04-26 18:01:07,595 - INFO - Курс [Python 101]: добавлен на платформу
2025-04-26 18:01:07,596 - INFO - Уведомление для Иван: Курс добавлен на платформу.
2025-04-26 18:01:07,596 - INFO - Уведомление для Мария: Курс добавлен на платформу.
2025-04-26 18:01:07,596 - INFO - Курс добавлен на платформу: Графический дизайн для начинающих
2025-04-26 18:01:07,596 - INFO - Курс [Графический дизайн для начинающих]: добавлен на платформу
2025-04-26 18:01:07,596 - INFO - Уведомление для Елена: Курс добавлен на платформу.
2025-04-26 18:01:07,596 - INFO - Уведомление для Олег: Курс добавлен на платформу.
2025-04-26 18:01:07,596 - INFO - Курс добавлен на платформу: Физика для начинающих
2025-04-26 18:01:07,596 - INFO - Курс [Физика для начинающих]: добавлен на платформу
2025-04-26 18:01:07,596 - INFO - Уведомление для Никита: Курс добавлен на платформу.
2025-04-26 18:01:07,596 - INFO - Уведомление для Светлана: Курс добавлен на платформу.
2025-04-26 18:01:07,596 - INFO - Уведомление для Антон: Курс добавлен на платформу.
2025-04-26 18:01:07,596 - INFO - Курс [Python 101]: Курс стартовал!
2025-04-26 18:01:07,596 - INFO - Уведомление для Иван: Начинаем изучать материал, время пролетит незаметно :)
2025-04-26 18:01:07,597 - INFO - Уведомление для Мария: Начинаем изучать материал, время пролетит незаметно :)
2025-04-26 18:01:07,597 - INFO - Курс [Графический дизайн для начинающих]: Курс стартовал!
2025-04-26 18:01:07,597 - INFO - Уведомление для Елена: Начинаем изучать материал, время пролетит незаметно :)
2025-04-26 18:01:07,597 - INFO - Уведомление для Олег: Начинаем изучать материал, время пролетит незаметно :)
2025-04-26 18:01:07,597 - INFO - Курс [Физика для начинающих]: Курс стартовал!
2025-04-26 18:01:07,597 - INFO - Уведомление для Никита: Начинаем изучать материал, время пролетит незаметно :)
2025-04-26 18:01:07,597 - INFO - Уведомление для Светлана: Начинаем изучать материал, время пролетит незаметно :)
2025-04-26 18:01:07,597 - INFO - Уведомление для Антон: Начинаем изучать материал, время пролетит незаметно :)
2025-04-26 18:01:07,597 - INFO - Обновление оценки: Иван -> 90
2025-04-26 18:01:07,597 - INFO - Обновление оценки: Мария -> 85
2025-04-26 18:01:07,597 - INFO - Получение списка всех курсов на платформе.
2025-04-26 18:01:07,597 - INFO - Получение топ-2 курсов по числу студентов.
2025-04-26 18:01:07,597 - INFO - Удаление курса с платформы: Графический дизайн для начинающих
2025-04-26 18:01:07,597 - INFO - Создание цепочки обязанностей
2025-04-26 18:01:07,597 - INFO - Обработка запроса на изменение: Изменить структуру модуля ООП для methodology
2025-04-26 18:01:07,597 - INFO - Результат обработки запроса: Методический отдел одобрил: Изменить структуру модуля ООП
2025-04-26 18:03:28,395 - INFO - Платформа создана с адресом: Россия,Москва, Пушкина, 1.Ссылка: sdamnamaximum.ru.
2025-04-26 18:03:28,396 - INFO - Создание курсов через фабрику...
2025-04-26 18:03:28,402 - INFO - Установка текущего пользователя: Муллошараф Курбонович как instructor
2025-04-26 18:03:28,402 - INFO - Курс добавлен на платформу: Python 101
2025-04-26 18:03:28,402 - INFO - Курс [Python 101]: добавлен на платформу
2025-04-26 18:03:28,402 - INFO - Уведомление для Иван: Курс добавлен на платформу.
2025-04-26 18:03:28,402 - INFO - Уведомление для Мария: Курс добавлен на платформу.
2025-04-26 18:03:28,402 - INFO - Курс добавлен на платформу: Графический дизайн для начинающих
2025-04-26 18:03:28,402 - INFO - Курс [Графический дизайн для начинающих]: добавлен на платформу
2025-04-26 18:03:28,402 - INFO - Уведомление для Елена: Курс добавлен на платформу.
2025-04-26 18:03:28,402 - INFO - Уведомление для Олег: Курс добавлен на платформу.
2025-04-26 18:03:28,402 - INFO - Курс добавлен на платформу: Физика для начинающих
2025-04-26 18:03:28,402 - INFO - Курс [Физика для начинающих]: добавлен на платформу
2025-04-26 18:03:28,402 - INFO - Уведомление для Никита: Курс добавлен на платформу.
2025-04-26 18:03:28,402 - INFO - Уведомление для Светлана: Курс добавлен на платформу.
2025-04-26 18:03:28,403 - INFO - Уведомление для Антон: Курс добавлен на платформу.
2025-04-26 18:03:28,403 - INFO - Курс [Python 101]: Курс стартовал!
2025-04-26 18:03:28,403 - INFO - Уведомление для Иван: Начинаем изучать материал, время пролетит незаметно :)
2025-04-26 18:03:28,403 - INFO - Уведомление для Мария: Начинаем изучать материал, время пролетит незаметно :)
2025-04-26 18:03:28,403 - INFO - Курс [Графический дизайн для начинающих]: Курс стартовал!
2025-04-26 18:03:28,403 - INFO - Уведомление для Елена: Начинаем изучать материал, время пролетит незаметно :)
2025-04-26 18:03:28,403 - INFO - Уведомление для Олег: Начинаем изучать материал, время пролетит незаметно :)
2025-04-26 18:03:28,403 - INFO - Курс [Физика для начинающих]: Курс стартовал!
2025-04-26 18:03:28,403 - INFO - Уведомление для Никита: Начинаем изучать материал, время пролетит незаметно :)
2025-04-26 18:03:28,403 - INFO - Уведомление для Светлана: Начинаем изучать материал, время пролетит незаметно :)
2025-04-26 18:03:28,403 - INFO - Уведомление для Антон: Начинаем изучать материал, время пролетит незаметно :)
2025-04-26 18:03:28,403 - INFO - Обновление оценки: Иван -> 90
2025-04-26 18:03:28,403 - INFO - Обновление оценки: Мария -> 85
2025-04-26 18:03:28,403 - INFO - Получение списка всех курсов на платформе.
2025-04-26 18:03:28,403 - INFO - Получение топ-2 курсов по числу студентов.
2025-04-26 18:03:28,403 - INFO - Удаление курса с платформы: Графический дизайн для начинающих
2025-04-26 18:03:28,403 - INFO - Создание цепочки обязанностей
2025-04-26 18:03:28,404 - INFO - Обработка запроса на изменение: Изменить структуру модуля ООП для methodology
2025-04-26 18:03:28,404 - INFO - Результат обработки запроса: Методический отдел одобрил: Изменить структуру модуля ООП
2025-04-26 18:04:42,136 - INFO - Платформа создана с адресом: Россия,Москва, Пушкина, 1.Ссылка: sdamnamaximum.ru.
2025-04-26 18:04:42,137 - INFO - Создание курсов через фабрику...
2025-04-26 18:04:42,142 - INFO - Установка текущего пользователя: Муллошараф Курбонович как instructor
2025-04-26 18:04:42,142 - INFO - Курс добавлен на платформу: Python 101
2025-04-26 18:04:42,142 - INFO - Курс [Python 101]: добавлен на платформу
2025-04-26 18:04:42,143 - INFO - Уведомление для Иван: Курс добавлен на платформу.
2025-04-26 18:04:42,143 - INFO - Уведомление для Мария: Курс добавлен на платформу.
2025-04-26 18:04:42,143 - INFO - Курс добавлен на платформу: Графический дизайн для начинающих
2025-04-26 18:04:42,143 - INFO - Курс [Графический дизайн для начинающих]: добавлен на платформу
2025-04-26 18:04:42,143 - INFO - Уведомление для Елена: Курс добавлен на платформу.
2025-04-26 18:04:42,143 - INFO - Уведомление для Олег: Курс добавлен на платформу.
2025-04-26 18:04:42,143 - INFO - Курс добавлен на платформу: Физика для начинающих
2025-04-26 18:04:42,143 - INFO - Курс [Физика для начинающих]: добавлен на платформу
2025-04-26 18:04:42,143 - INFO - Уведомление для Никита: Курс добавлен на платформу.
2025-04-26 18:04:42,143 - INFO - Уведомление для Светлана: Курс добавлен на платформу.
2025-04-26 18:04:42,143 - INFO - Уведомление для Антон: Курс добавлен на платформу.
2025-04-26 18:04:42,143 - INFO - Курс [Python 101]: Курс стартовал!
2025-04-26 18:04:42,143 - INFO - Уведомление для Иван: Начинаем изучать материал, время пролетит незаметно :)
2025-04-26 18:04:42,143 - INFO - Уведомление для Мария: Начинаем изучать материал, время пролетит незаметно :)
2025-04-26 18:04:42,143 - INFO - Курс [Графический дизайн для начинающих]: Курс стартовал!
2025-04-26 18:04:42,143 - INFO - Уведомление для Елена: Начинаем изучать материал, время пролетит незаметно :)
2025-04-26 18:04:42,143 - INFO - Уведомление для Олег: Начинаем изучать материал, время пролетит незаметно :)
2025-04-26 18:04:42,143 - INFO - Курс [Физика для начинающих]: Курс стартовал!
2025-04-26 18:04:42,144 - INFO - Уведомление для Никита: Начинаем изучать материал, время пролетит незаметно :)
2025-04-26 18:04:42,144 - INFO - Уведомление для Светлана: Начинаем изучать материал, время пролетит незаметно :)
2025-04-26 18:04:42,144 - INFO - Уведомление для Антон: Начинаем изучать материал, время пролетит незаметно :)
2025-04-26 18:04:42,144 - INFO - Обновление оценки: Иван -> 90
2025-04-26 18:04:42,144 - INFO - Обновление оценки: Мария -> 85
2025-04-26 18:04:42,144 - INFO - Получение списка всех курсов на платформе.
2025-04-26 18:04:42,144 - INFO - Получение топ-2 курсов по числу студентов.
2025-04-26 18:04:42,144 - INFO - Удаление курса с платформы: Графический дизайн для начинающих
2025-04-26 18:04:42,144 - INFO - Создание цепочки обязанностей
2025-04-26 18:04:42,144 - INFO - Обработка запроса на изменение: Изменить структуру модуля ООП для methodology
2025-04-26 18:04:42,144 - INFO - Результат обработки запроса: Методический отдел одобрил: Изменить структуру модуля ООП
